#
# There is insufficient memory for the Java Runtime Environment to continue.
# Native memory allocation (malloc) failed to allocate 1048576 bytes for AllocateHeap
# Possible reasons:
#   The system is out of physical RAM or swap space
#   The process is running with CompressedOops enabled, and the Java Heap may be blocking the growth of the native heap
# Possible solutions:
#   Reduce memory load on the system
#   Increase physical memory or swap space
#   Check if swap backing store is full
#   Decrease Java heap size (-Xmx/-Xms)
#   Decrease number of Java threads
#   Decrease Java thread stack sizes (-Xss)
#   Set larger code cache with -XX:ReservedCodeCacheSize=
#   JVM is running with Unscaled Compressed Oops mode in which the Java heap is
#     placed in the first 4GB address space. The Java Heap base address is the
#     maximum limit for the native heap growth. Please use -XX:HeapBaseMinAddress
#     to set the Java Heap base and to place the Java Heap above 4GB virtual address.
# This output file may be truncated or incomplete.
#
#  Out of Memory Error (allocation.cpp:44), pid=189092, tid=189972
#
# JRE version:  (17.0.12+8) (build )
# Java VM: Java HotSpot(TM) 64-Bit Server VM (17.0.12+8-LTS-286, mixed mode, sharing, tiered, compressed oops, compressed class ptrs, g1 gc, windows-amd64)
# No core dump will be written. Minidumps are not enabled by default on client versions of Windows
#

---------------  S U M M A R Y ------------

Command Line: -Xmx64m -Xms64m -Dorg.gradle.appname=gradlew org.gradle.wrapper.GradleWrapperMain -I C:\Users\profe\AppData\Local\Temp\classpath3981534799164020056.gradle kotlinLSPProjectDeps --console=plain

Host: AMD Ryzen 7 5700U with Radeon Graphics         , 16 cores, 15G,  Windows 11 , 64 bit Build 26100 (10.0.26100.7309)
Time: Sun Apr  5 21:31:50 2026 India Standard Time elapsed time: 0.017349 seconds (0d 0h 0m 0s)

---------------  T H R E A D  ---------------

Current thread (0x000001c3e6ed4e90):  JavaThread "Unknown thread" [_thread_in_vm, id=189972, stack(0x000000320fd00000,0x000000320fe00000)]

Stack: [0x000000320fd00000,0x000000320fe00000]
Native frames: (J=compiled Java code, j=interpreted, Vv=VM code, C=native code)
V  [jvm.dll+0x67a04a]
V  [jvm.dll+0x7da4ed]
V  [jvm.dll+0x7dbe33]
V  [jvm.dll+0x7dc4a3]
V  [jvm.dll+0x24508f]
V  [jvm.dll+0xa5e2b]
V  [jvm.dll+0x2e22de]
V  [jvm.dll+0x2d9fbb]
V  [jvm.dll+0x7aca21]
V  [jvm.dll+0x367591]
V  [jvm.dll+0x78b999]
V  [jvm.dll+0x3ec83f]
V  [jvm.dll+0x3ee471]
C  [jli.dll+0x5297]
C  [ucrtbase.dll+0x37b0]
C  [KERNEL32.DLL+0x2e8d7]
C  [ntdll.dll+0x8c53c]


---------------  P R O C E S S  ---------------

Threads class SMR info:
_java_thread_list=0x00007ff9574f7a18, length=0, elements={
}

Java Threads: ( => current thread )

Other Threads:
  0x000001c3e6ef78c0 GCTaskThread "GC Thread#0" [stack: 0x000000320fe00000,0x000000320ff00000] [id=59156]

[error occurred during error reporting (printing all threads), id 0xc0000005, EXCEPTION_ACCESS_VIOLATION (0xc0000005) at pc=0x00007ff956d270e0]

VM state: not at safepoint (not fully initialized)

VM Mutex/Monitor currently owned by a thread:  ([mutex/lock_event])
[0x000001c3e6ed1960] Heap_lock - owner thread: 0x000001c3e6ed4e90

Heap address: 0x00000000fc000000, size: 64 MB, Compressed Oops mode: 32-bit

CDS archive(s) mapped at: [0x0000000000000000-0x0000000000000000-0x0000000000000000), size 0, SharedBaseAddress: 0x0000000800000000, ArchiveRelocationMode: 1.
Narrow klass base: 0x0000000000000000, Narrow klass shift: 0, Narrow klass range: 0x0

GC Precious Log:
<Empty>

Heap:
 garbage-first heap   total 0K, used 0K [0x00000000fc000000, 0x0000000100000000)
  region size 1024K, 0 young (0K), 0 survivors (0K)

[error occurred during error reporting (printing heap information), id 0xc0000005, EXCEPTION_ACCESS_VIOLATION (0xc0000005) at pc=0x00007ff957113859]

GC Heap History (0 events):
No events

Deoptimization events (0 events):
No events

Classes unloaded (0 events):
No events

Classes redefined (0 events):
No events

Internal exceptions (0 events):
No events

VM Operations (0 events):
No events

Events (1 events):
Event: 0.011 Loaded shared library C:\Program Files\Java\jdk-17\bin\java.dll


Dynamic libraries:
0x00007ff7b1510000 - 0x00007ff7b1520000 	C:\Program Files\Java\jdk-17\bin\java.exe
0x00007ff9b1060000 - 0x00007ff9b12c7000 	C:\WINDOWS\SYSTEM32\ntdll.dll
0x00007ff9aff90000 - 0x00007ff9b0059000 	C:\WINDOWS\System32\KERNEL32.DLL
0x00007ff9ae4e0000 - 0x00007ff9ae8cf000 	C:\WINDOWS\System32\KERNELBASE.dll
0x00007ff9ae2e0000 - 0x00007ff9ae42b000 	C:\WINDOWS\System32\ucrtbase.dll
0x00007ff99bdc0000 - 0x00007ff99bdd9000 	C:\Program Files\Java\jdk-17\bin\jli.dll
0x00007ff99bda0000 - 0x00007ff99bdbb000 	C:\Program Files\Java\jdk-17\bin\VCRUNTIME140.dll
0x00007ff9af980000 - 0x00007ff9afa34000 	C:\WINDOWS\System32\ADVAPI32.dll
0x00007ff9af3d0000 - 0x00007ff9af479000 	C:\WINDOWS\System32\msvcrt.dll
0x00007ff9afee0000 - 0x00007ff9aff86000 	C:\WINDOWS\System32\sechost.dll
0x00007ff9aef20000 - 0x00007ff9af038000 	C:\WINDOWS\System32\RPCRT4.dll
0x00007ff9b0d70000 - 0x00007ff9b0f35000 	C:\WINDOWS\System32\USER32.dll
0x00007ff9ae8e0000 - 0x00007ff9ae907000 	C:\WINDOWS\System32\win32u.dll
0x00007ff994d00000 - 0x00007ff994f93000 	C:\WINDOWS\WinSxS\amd64_microsoft.windows.common-controls_6595b64144ccf1df_6.0.26100.7309_none_3e05feeae336a044\COMCTL32.dll
0x00007ff9b0d40000 - 0x00007ff9b0d6b000 	C:\WINDOWS\System32\GDI32.dll
0x00007ff9ae1b0000 - 0x00007ff9ae2dc000 	C:\WINDOWS\System32\gdi32full.dll
0x00007ff9ae430000 - 0x00007ff9ae4d3000 	C:\WINDOWS\System32\msvcp_win.dll
0x00007ff9a7130000 - 0x00007ff9a713b000 	C:\WINDOWS\SYSTEM32\VERSION.dll
0x00007ff9af390000 - 0x00007ff9af3c1000 	C:\WINDOWS\System32\IMM32.DLL
0x00007ff9a8e20000 - 0x00007ff9a8e2c000 	C:\Program Files\Java\jdk-17\bin\vcruntime140_1.dll
0x00007ff96d7b0000 - 0x00007ff96d83e000 	C:\Program Files\Java\jdk-17\bin\msvcp140.dll
0x00007ff956a40000 - 0x00007ff957620000 	C:\Program Files\Java\jdk-17\bin\server\jvm.dll
0x00007ff9b0240000 - 0x00007ff9b0248000 	C:\WINDOWS\System32\PSAPI.DLL
0x00007ff9aae90000 - 0x00007ff9aae9a000 	C:\WINDOWS\SYSTEM32\WSOCK32.dll
0x00007ff9a70f0000 - 0x00007ff9a7125000 	C:\WINDOWS\SYSTEM32\WINMM.dll
0x00007ff9af090000 - 0x00007ff9af104000 	C:\WINDOWS\System32\WS2_32.dll
0x00007ff9acf00000 - 0x00007ff9acf1b000 	C:\WINDOWS\SYSTEM32\kernel.appcore.dll
0x00007ff9a8dc0000 - 0x00007ff9a8dca000 	C:\Program Files\Java\jdk-17\bin\jimage.dll
0x00007ff9ab950000 - 0x00007ff9abb92000 	C:\WINDOWS\SYSTEM32\DBGHELP.DLL
0x00007ff9af5d0000 - 0x00007ff9af955000 	C:\WINDOWS\System32\combase.dll
0x00007ff9b0f40000 - 0x00007ff9b1016000 	C:\WINDOWS\System32\OLEAUT32.dll
0x00007ff992be0000 - 0x00007ff992c1c000 	C:\WINDOWS\SYSTEM32\dbgcore.DLL
0x00007ff9aea90000 - 0x00007ff9aeb35000 	C:\WINDOWS\System32\bcryptPrimitives.dll
0x00007ff98fc50000 - 0x00007ff98fc75000 	C:\Program Files\Java\jdk-17\bin\java.dll

dbghelp: loaded successfully - version: 4.0.5 - missing functions: none
symbol engine: initialized successfully - sym options: 0x614 - pdb path: .;C:\Program Files\Java\jdk-17\bin;C:\WINDOWS\SYSTEM32;C:\WINDOWS\WinSxS\amd64_microsoft.windows.common-controls_6595b64144ccf1df_6.0.26100.7309_none_3e05feeae336a044;C:\Program Files\Java\jdk-17\bin\server

VM Arguments:
jvm_args: -Xmx64m -Xms64m -Dorg.gradle.appname=gradlew 
java_command: org.gradle.wrapper.GradleWrapperMain -I C:\Users\profe\AppData\Local\Temp\classpath3981534799164020056.gradle kotlinLSPProjectDeps --console=plain
java_class_path (initial): c:\Users\profe\Downloads\LeetcodeForcerAndroid-Publish\LeetcodeForcerAndroid-Publish\\gradle\wrapper\gradle-wrapper.jar
Launcher Type: SUN_STANDARD

[Global flags]
     intx CICompilerCount                          = 12                                        {product} {ergonomic}
     uint ConcGCThreads                            = 3                                         {product} {ergonomic}
     uint G1ConcRefinementThreads                  = 13                                        {product} {ergonomic}
   size_t G1HeapRegionSize                         = 1048576                                   {product} {ergonomic}
    uintx GCDrainStackTargetSize                   = 64                                        {product} {ergonomic}
   size_t InitialHeapSize                          = 67108864                                  {product} {command line}
   size_t MarkStackSize                            = 4194304                                   {product} {ergonomic}
   size_t MaxHeapSize                              = 67108864                                  {product} {command line}
   size_t MinHeapDeltaBytes                        = 1048576                                   {product} {ergonomic}
   size_t MinHeapSize                              = 67108864                                  {product} {command line}
    uintx NonNMethodCodeHeapSize                   = 7602480                                {pd product} {ergonomic}
    uintx NonProfiledCodeHeapSize                  = 122027880                              {pd product} {ergonomic}
    uintx ProfiledCodeHeapSize                     = 122027880                              {pd product} {ergonomic}
    uintx ReservedCodeCacheSize                    = 251658240                              {pd product} {ergonomic}
     bool SegmentedCodeCache                       = true                                      {product} {ergonomic}
   size_t SoftMaxHeapSize                          = 67108864                               {manageable} {ergonomic}
     bool UseCompressedClassPointers               = true                           {product lp64_product} {ergonomic}
     bool UseCompressedOops                        = true                           {product lp64_product} {ergonomic}
     bool UseG1GC                                  = true                                      {product} {ergonomic}
     bool UseLargePagesIndividualAllocation        = false                                  {pd product} {ergonomic}

Logging:
Log output configuration:
 #0: stdout all=warning uptime,level,tags
 #1: stderr all=off uptime,level,tags

Environment Variables:
JAVA_HOME=C:\Program Files\Java\jdk-17
CLASSPATH=c:\Users\profe\Downloads\LeetcodeForcerAndroid-Publish\LeetcodeForcerAndroid-Publish\\gradle\wrapper\gradle-wrapper.jar
PATH=C:\Program Files\Common Files\Oracle\Java\javapath;C:\WINDOWS\system32;C:\WINDOWS;C:\WINDOWS\System32\Wbem;C:\WINDOWS\System32\WindowsPowerShell\v1.0\;C:\WINDOWS\System32\OpenSSH\;C:\Program Files\Git\cmd;C:\Program Files\Go\bin;C:\Users\profe\AppData\Local\Microsoft\WindowsApps;C:\Users\profe\AppData\Local\Programs\cursor\resources\app\bin;C:\Users\profe\AppData\Local\Programs\Antigravity\bin;C:\Users\profe\AppData\Local\Programs\Microsoft VS Code\bin;C:\Users\profe\AppData\Local\Programs\Hyper\resources\bin;C:\Users\profe\AppData\Roaming\npm;C:\Users\profe\AppData\Local\Programs\Kiro\bin;C:\Users\profe\AppData\Local\Programs\Qoder\bin;C:\Users\profe\go\bin;C:\Program Files\Java\jdk-17\bin;C:\Program Files\nodejs\;C:\Users\profe\.cargo\bin;C:\Users\profe\AppData\Local\Programs\Python\Python311\Scripts\;C:\Users\profe\AppData\Local\Programs\Python\Python311\;C:\Users\profe\AppData\Local\Microsoft\WindowsApps;C:\Users\profe\AppData\Local\Programs\cursor\resources\app\bin;C:\Users\profe\AppData\Local\Programs\Antigravity\bin;C:\Users\profe\AppData\Local\Programs\Microsoft VS Code\bin;C:\Users\profe\AppData\Local\Programs\Hyper\resources\bin;C:\Users\profe\AppData\Local\Programs\Kiro\bin;C:\Users\profe\AppData\Local\Programs\Qoder\bin;C:\Users\profe\go\bin;C:\src\flutter\flutter\bin;C:\Users\profe\Downloads\platform-tools-latest-windows (1)\platform-tools;C:\Users\profe\AppData\Roaming\npm;C:\kotlin-compiler-2.0.0\kotlinc\bin;C:\Mysys64\mingw64\bin;
USERNAME=profe
OS=Windows_NT
PROCESSOR_IDENTIFIER=AMD64 Family 23 Model 104 Stepping 1, AuthenticAMD



---------------  S Y S T E M  ---------------

OS:
 Windows 11 , 64 bit Build 26100 (10.0.26100.7309)
OS uptime: 1 days 12:03 hours

CPU: total 16 (initial active 16) (16 cores per cpu, 2 threads per core) family 23 model 104 stepping 1 microcode 0x8608104, cx8, cmov, fxsr, ht, mmx, 3dnowpref, sse, sse2, sse3, ssse3, sse4a, sse4.1, sse4.2, popcnt, lzcnt, tsc, tscinvbit, avx, avx2, aes, clmul, bmi1, bmi2, adx, sha, fma, vzeroupper, clflush, clflushopt

Memory: 4k page, system-wide physical 15693M (799M free)
TotalPageFile size 46282M (AvailPageFile size 16M)
current process WorkingSet (physical memory assigned to process): 11M, peak: 11M
current process commit charge ("private bytes"): 60M, peak: 61M

vm_info: Java HotSpot(TM) 64-Bit Server VM (17.0.12+8-LTS-286) for windows-amd64 JRE (17.0.12+8-LTS-286), built on Jun  5 2024 06:46:59 by "mach5one" with MS VC++ 17.6 (VS2022)

END.
